// Jest Snapshot v1, https://goo.gl/fbAQLP

exports[`DogFinder should match snapshot 1`] = `
<div class="mx-auto my-12 v-card v-sheet theme--light" style="max-width: 600px;">
  <div class="v-image v-responsive theme--light" style="height: 600px;">
    <div class="v-responsive__sizer" style="padding-bottom: 100%;"></div>
    <div class="v-responsive__content"></div>
  </div>
  <div class="v-card__text text-center">
    <div class="v-snack v-snack--bottom v-snack--has-background" style="padding-bottom: 0px; padding-top: 0px;">
      <transition-stub name="v-snack-transition">
        <div class="v-snack__wrapper v-sheet theme--dark success" style="display: none;">
          <div role="status" aria-live="polite" class="v-snack__content">
            You just added a new dog to your collection!

            <button type="button" class="v-btn v-btn--outlined v-btn--text theme--dark v-size--default"><span class="v-btn__content">
                    CLOSE
                </span></button>
          </div>
          <div class="v-snack__action "></div>
        </div>
      </transition-stub>
    </div> <button type="button" class="v-btn v-btn--is-elevated v-btn--has-bg theme--light v-size--x-large success"><span class="v-btn__content">
            LOVE IT!
        </span></button> <button type="button" class="v-btn v-btn--is-elevated v-btn--has-bg theme--light v-size--x-large error"><span class="v-btn__content">
            NO THANKS
        </span></button>
  </div>
</div>
`;
